../drivers/LCDDriver.c:86:6:vfnLCDInit	8	static
../drivers/LCDDriver.c:102:6:vfnLCDDriver	8	static
../drivers/LCDDriver.c:114:15:bfnLCDBusy	8	static
../drivers/LCDDriver.c:132:6:vfnLCDUpDate	8	static
../drivers/LCDDriver.c:146:6:vfnLCDGotoxy	8	static
../drivers/LCDDriver.c:157:6:vfnLCDGotoxy_Home	8	static
../drivers/LCDDriver.c:171:6:vfnDly500nsState	8	static
../drivers/LCDDriver.c:186:6:vfnState0MSN	8	static
../drivers/LCDDriver.c:197:6:vfnState1EDown	8	static
../drivers/LCDDriver.c:211:6:vfnState2LSN	8	static
../drivers/LCDDriver.c:222:6:vfnStateExecution	8	static
../drivers/LCDDriver.c:236:6:vfnState_Idle	8	static
